chr14_82862432	100	0	HPV_HG	CTTCTCGAGGATTGGGGACCCTGCGCTGAACATGGAGAACATCACATCAGGATTCCTAGGACCCCTTCTCGTGTTACAGGCGGGGTTTTTCTTGTTGACA-TTACAGAAGGCTGATAACAACTCTATAATGTTTTAGTTTTGAATAACATTAAGAGGGCACATATTGATAAGCCACCAAGCGGTTACTGAAGTACTGAAAG
chr11_91670821	100	-6	HPV_HG	CGACCGACCTTGAGGCATACTTCAAAGACTGTTTGTTTAAAGACTGGGAGGAGTTGGGGGAGGAGATTAGATTAAAGGTCTTTGTACTAGGAGGCTGTAG.GCATAA.GTGTTCATCAGGATATTGGCCTAAAGTTTTCTGTTTTGGCTGTCTTTCTGCAAGGTTTTGGTATCAGGATGATGCTTGTCTCATAGAGTGAGTTAGGAAG
chr10_1795623	100	-8	HPV_HG	AATTCTTTATAAGGGTCGATGTCCATGCCCCAAAGCCACCCAAGGCACAGCTTGGAGGCTTGAACAGTAGGACATGAACAAGAGATGATTAGGCAGAGGT.GAAACAGT.ATCTTTGGAGGAGAAGCACGGAGAACCCATGGAAAGACATCATTTTCCTCATATTGCCCTGGTGTGGCCTTGCAGAGGGATCCTGGCTGAGCAATTCCAA
chr1_68474310	100	-3	HPV_HG	TACTTCAAAGACTGTTTGTTTAAAGACTGGGAGGAGTTGGGGGAGGAGATTAGATTAAAGGTCTTTGTACTAGGAGGCTGTAGGCATAAATTGGTCTGCG.CAC.ATTTTACAGATGAGAAGATTCAGAGTTTAAGCTTCCCAAGGACAGAAAGGTAAGTCAGTGGGAAATTCCATGTACATTCCATTACTAAATGCCACATAAC
chr1_68474291	100	45	HPV_HG	ATAAGGGTCGATGTCCATGCCCCAAAGCCACCCAAGGCACAGCTTGGAGGCTTGAACAGTAGGACATGAACAAGAGATGATTAGGCAGAGGTGAAAAAGTctttgtactaggaggctgtaggcataaattggtctgcgcaccagcACTGAGTTGTGATTGTAGTGAAAGAAAGGCAATATATTTAAATCTTGAATTTAGCAAGCCCACGCTCGATTTTTATGTCCTTTCCTCTTGCCTTGTATTG
chr1_72295546	100	0	HG_HPV	GGCCATCTTCACAATTTACGTATATTGCCACAAAGTTTTTCTGATCGACACAGACAATCATCAGTGGTGACAGAAACATAAAAATACATAGATTGATAGA-TTGGTGGTCTATAAGCTGGAGGAGTGCGAATCCACACTCCGAAAGACACCAAATACTCTATAACGGTTTCTCTTCCAAAAGTGAGACAAGAAATGTGAAA
chr14_82862386	100	0	HPV_HG	TGTGTAAATAGTGTCTAGTTTGGAAGTAATGATTAACTAGATGTTCTGGATAATAAGGTTTAATACCCTTATCCAATGGTAAATATTTGGTAACCTTTGG-TTCAAGATGATTCAATGGAGCCTGCCAGTGTGCCTTATCTTATACTTAGGGAATTATTACAGTGAACATGTATTTTTTTTATTCTTGATTATGACTTTGG
chr20_48109321	100	-5	HPV_HG	GGTTATGTCATTGGAAGTTATGGGTCCTTGCCACAAGAACACATCATACAAAAAATCAAAGAATGTTTTAGAAAACTTCCTATTAACAGGCCTATTGATT.AGAAA.ACTACACCTGAATTTCCTAGAATAAATACACTACTTTAAAAAAATTTTAATAGAAAAAAATGCCCAGATAAAGATACCGATCACAGTATCCACATCTATA
chr1_634821	100	-8	HG_HPV	AGGGCACTGGCCCCCAACAGGCATCACCCCGCTAAATCCCCTAGAAGTCCCACTCCTAAACACATCCGTATTACTCGCATCAGGAGTATCAATCACCTGA.GCTCACCA.GCACCATGCAACTTTTTCACCTCTGCCTAATCATCTCTTGTTCATGTCCTACTGTTCAAGCCTCCAAGCTGTGCCTTGGGTGGCTTTGGGGCATGGACAT
chr10_1795085	100	-2	HPV_HG	AACACAGCAAATCCAGATTGGGACTTCAATCCCAACAAGGACACCTGGCCAGACGCCAACAAGGTAGGAGCTGGAGCATTCGGGCTGGGTTTCACCCCAC.CG.ATGAATGTGTCACCCTATAGAGAGATGAATGTTGGGCAGTCGTCCTGAAGGTCTGACAGGTGAATATCAAGCAGTATAAACAGGAAGTAACTGGGAGAGA
chr20_48046784	100	-3	HPV_HG	CTCTATAACGGTTTCTCTTCTAAAAGTGAGACAAGAAATGTGAAACCACAAGAGTTGCCTGAACTTTAGGCCCATATTAGTGTTGACATAACTGACTACT.AGG.AAGGTCACCCTCCTGAATGTGTCCTAGAATATCTATAGTTTTTCATAAGACTGAGAAAAGCTTTGGATTGCCACCAGATTACTTTGCGGACAACTCTTGC
chrX_111009034	100	-1	HPV_HG	AAAGACTGGGAGGAGTTGGGGGAGGAGATTAGATTAAAGGTCTTTGTACTAGGAGGCTGTAGGCATAAATTGGTCTGCGCACCAGCACCATGCAACTTTT.T.TGAAGTAAAATTCATATAACAGAAAATTTATCATTTTAACATGAAGAATTCAGTGACATTTGGTACATTCACAGTGTTACAGAACCACAGCTCTTCTGAA
